[dotenv@17.2.3] injecting env (27) from .env.local -- tip: ≡ƒöÉ prevent committing .env to code: https://dotenvx.com/precommit
--- Starting Gemini Debug Tests ---

Testing URL format: https://generativelanguage.googleapis.com/v1/models/gemini-1.5-flash:generateContent?key=REDACTED
node.exe : Γ¥î Failed: 404 - {"er
ror":{"code":404,"message":"model
s/gemini-1.5-flash is not found 
for API version v1, or is not 
supported for generateContent. 
Call ListModels to see the list 
of available models and their 
supported 
methods.","status":"NOT_FOUND"}}
At line:1 char:1
+ & "C:\Program 
Files\nodejs/node.exe" 
"C:\Program Files\nodejs/node_mo 
...
+ ~~~~~~~~~~~~~~~~~~~~~~~~~~~~~~~
~~~~~~~~~~~~~~~~~~~~~~~~~~~~~~~~~
~~~~~
    + CategoryInfo          : No 
   tSpecified: (Γ¥î Failed: 404  
  ...":"NOT_FOUND"}}:String) [   
 ], RemoteException
    + FullyQualifiedErrorId : Na 
   tiveCommandError
 

Testing URL format: https://generativelanguage.googleapis.com/v1/models/gemini-1.5-flash-latest:generateContent?key=REDACTED
Γ¥î Failed: 404 - {"error":{"code
":404,"message":"models/gemini-1.
5-flash-latest is not found for 
API version v1, or is not 
supported for generateContent. 
Call ListModels to see the list 
of available models and their 
supported 
methods.","status":"NOT_FOUND"}}

Testing URL format: https://generativelanguage.googleapis.com/v1/models/gemini-1.5-pro:generateContent?key=REDACTED
Γ¥î Failed: 404 - {"error":{"code
":404,"message":"models/gemini-1.
5-pro is not found for API 
version v1, or is not supported 
for generateContent. Call 
ListModels to see the list of 
available models and their 
supported 
methods.","status":"NOT_FOUND"}}

Testing URL format: https://generativelanguage.googleapis.com/v1/models/gemini-1.5-flash-001:generateContent?key=REDACTED
Γ¥î Failed: 404 - {"error":{"code
":404,"message":"models/gemini-1.
5-flash-001 is not found for API 
version v1, or is not supported 
for generateContent. Call 
ListModels to see the list of 
available models and their 
supported 
methods.","status":"NOT_FOUND"}}

Testing URL format: https://generativelanguage.googleapis.com/v1beta/models/gemini-1.5-flash:generateContent?key=REDACTED
Γ¥î Failed: 404 - {"error":{"code
":404,"message":"models/gemini-1.
5-flash is not found for API 
version v1beta, or is not 
supported for generateContent. 
Call ListModels to see the list 
of available models and their 
supported 
methods.","status":"NOT_FOUND"}}

Testing URL format: https://generativelanguage.googleapis.com/v1beta/models/gemini-1.5-flash-latest:generateContent?key=REDACTED
Γ¥î Failed: 404 - {"error":{"code
":404,"message":"models/gemini-1.
5-flash-latest is not found for 
API version v1beta, or is not 
supported for generateContent. 
Call ListModels to see the list 
of available models and their 
supported 
methods.","status":"NOT_FOUND"}}

Testing URL format: https://generativelanguage.googleapis.com/v1beta/models/gemini-1.5-pro:generateContent?key=REDACTED
Γ¥î Failed: 404 - {"error":{"code
":404,"message":"models/gemini-1.
5-pro is not found for API 
version v1beta, or is not 
supported for generateContent. 
Call ListModels to see the list 
of available models and their 
supported 
methods.","status":"NOT_FOUND"}}

Testing URL format: https://generativelanguage.googleapis.com/v1beta/models/gemini-1.5-flash-001:generateContent?key=REDACTED
Γ¥î Failed: 404 - {"error":{"code
":404,"message":"models/gemini-1.
5-flash-001 is not found for API 
version v1beta, or is not 
supported for generateContent. 
Call ListModels to see the list 
of available models and their 
supported 
methods.","status":"NOT_FOUND"}}
